matches the snapshot:
  1: |
    apiVersion: apps/v1
    kind: Deployment
    metadata:
      labels:
        app.kubernetes.io/instance: RELEASE-NAME
        app.kubernetes.io/managed-by: Helm
        app.kubernetes.io/name: helm-demo
        app.kubernetes.io/version: 1.16.0
        helm.sh/chart: helm-demo-0.1.0
      name: RELEASE-NAME-helm-demo
    spec:
      selector:
        matchLabels:
          app.kubernetes.io/instance: RELEASE-NAME
          app.kubernetes.io/name: helm-demo
      template:
        metadata:
          labels:
            app.kubernetes.io/instance: RELEASE-NAME
            app.kubernetes.io/name: helm-demo
        spec:
          containers:
            - image: nginx:1.16.0
              imagePullPolicy: IfNotPresent
              livenessProbe:
                httpGet:
                  path: /
                  port: http
              name: helm-demo
              ports:
                - containerPort: 80
                  name: http
                  protocol: TCP
              readinessProbe:
                httpGet:
                  path: /
                  port: http
              resources: {}
              securityContext: {}
          securityContext: {}
          serviceAccountName: RELEASE-NAME-helm-demo
  2: |
    apiVersion: autoscaling/v2beta1
    kind: HorizontalPodAutoscaler
    metadata:
      labels:
        app.kubernetes.io/instance: RELEASE-NAME
        app.kubernetes.io/managed-by: Helm
        app.kubernetes.io/name: helm-demo
        app.kubernetes.io/version: 1.16.0
        helm.sh/chart: helm-demo-0.1.0
      name: RELEASE-NAME-helm-demo
    spec:
      maxReplicas: 100
      metrics:
        - resource:
            name: cpu
            targetAverageUtilization: 80
          type: Resource
      minReplicas: 1
      scaleTargetRef:
        apiVersion: apps/v1
        kind: Deployment
        name: RELEASE-NAME-helm-demo
  3: |
    apiVersion: networking.k8s.io/v1
    kind: Ingress
    metadata:
      labels:
        app.kubernetes.io/instance: RELEASE-NAME
        app.kubernetes.io/managed-by: Helm
        app.kubernetes.io/name: helm-demo
        app.kubernetes.io/version: 1.16.0
        helm.sh/chart: helm-demo-0.1.0
      name: RELEASE-NAME-helm-demo
    spec:
      rules:
        - host: chart-example.local
          http:
            paths:
              - backend:
                  service:
                    name: RELEASE-NAME-helm-demo
                    port:
                      number: 80
                path: /
                pathType: ImplementationSpecific
  4: |
    apiVersion: v1
    kind: Service
    metadata:
      labels:
        app.kubernetes.io/instance: RELEASE-NAME
        app.kubernetes.io/managed-by: Helm
        app.kubernetes.io/name: helm-demo
        app.kubernetes.io/version: 1.16.0
        helm.sh/chart: helm-demo-0.1.0
      name: RELEASE-NAME-helm-demo
    spec:
      ports:
        - name: http
          port: 80
          protocol: TCP
          targetPort: http
      selector:
        app.kubernetes.io/instance: RELEASE-NAME
        app.kubernetes.io/name: helm-demo
      type: ClusterIP
  5: |
    apiVersion: v1
    kind: ServiceAccount
    metadata:
      labels:
        app.kubernetes.io/instance: RELEASE-NAME
        app.kubernetes.io/managed-by: Helm
        app.kubernetes.io/name: helm-demo
        app.kubernetes.io/version: 1.16.0
        helm.sh/chart: helm-demo-0.1.0
      name: RELEASE-NAME-helm-demo
